=== Available Expressions ===
b1:
  in:  ∅
  out: (id op1), (id op2)
cmp.val:
  in:  ∅
  out: (lt v0 v1)
if.1:
  in:  (lt v0 v1)
  out: (lt v0 v1), (sub v1 v0)
else.1:
  in:  (lt v0 v1)
  out: (lt v0 v1), (sub v0 v1)
loop.bound:
  in:  (lt v0 v1)
  out: (eq v3 vc0), (lt v0 v1)
update.val:
  in:  (eq v3 vc0), (lt v0 v1)
  out: (eq v3 vc0), (lt v0 v1)
if.2:
  in:  (eq v3 vc0), (lt v0 v1)
  out: (eq v3 vc0), (id v3)
else.2:
  in:  (eq v3 vc0), (lt v0 v1)
  out: (eq v3 vc0), (id v3)
program.end:
  in:  (eq v3 vc0), (lt v0 v1)
  out: (eq v3 vc0), (lt v0 v1)

=== Reaching Definitions ===
b1:
  in:  ∅
  out: v0@1, v1@2, vc0@0
cmp.val:
  in:  v0@1, v0@7000, v1@2, v1@6000, v2@1000, v3@2000, v3@3000, v4@4000, vc0@0
  out: v0@1, v0@7000, v1@2, v1@6000, v2@1000, v3@2000, v3@3000, v4@4000, vc0@0
if.1:
  in:  v0@1, v0@7000, v1@2, v1@6000, v2@1000, v3@2000, v3@3000, v4@4000, vc0@0
  out: v0@1, v0@7000, v1@2, v1@6000, v2@1000, v3@2000, v4@4000, vc0@0
else.1:
  in:  v0@1, v0@7000, v1@2, v1@6000, v2@1000, v3@2000, v3@3000, v4@4000, vc0@0
  out: v0@1, v0@7000, v1@2, v1@6000, v2@1000, v3@3000, v4@4000, vc0@0
loop.bound:
  in:  v0@1, v0@7000, v1@2, v1@6000, v2@1000, v3@2000, v3@3000, v4@4000, vc0@0
  out: v0@1, v0@7000, v1@2, v1@6000, v2@1000, v3@2000, v3@3000, v4@4000, vc0@0
update.val:
  in:  v0@1, v0@7000, v1@2, v1@6000, v2@1000, v3@2000, v3@3000, v4@4000, vc0@0
  out: v0@1, v0@7000, v1@2, v1@6000, v2@1000, v3@2000, v3@3000, v4@4000, vc0@0
if.2:
  in:  v0@1, v0@7000, v1@2, v1@6000, v2@1000, v3@2000, v3@3000, v4@4000, vc0@0
  out: v0@1, v0@7000, v1@6000, v2@1000, v3@2000, v3@3000, v4@4000, vc0@0
else.2:
  in:  v0@1, v0@7000, v1@2, v1@6000, v2@1000, v3@2000, v3@3000, v4@4000, vc0@0
  out: v0@7000, v1@2, v1@6000, v2@1000, v3@2000, v3@3000, v4@4000, vc0@0
program.end:
  in:  v0@1, v0@7000, v1@2, v1@6000, v2@1000, v3@2000, v3@3000, v4@4000, vc0@0
  out: v0@1, v0@7000, v1@2, v1@6000, v2@1000, v3@2000, v3@3000, v4@4000, vc0@0
