digraph pow {
   b0
   loop
   body
   ret
   b0 -> loop
   loop -> ret
   loop -> body
   body -> loop
}
digraph main {
   b0
}
{'body': 0}
['body']
[]
True
