digraph main {
   b0
   b1
   somewhere
   b0 -> somewhere
   b1 -> somewhere
}
{'b0': 0, 'somewhere': 1}
['b0', 'somewhere']
[]
True
